// Vitest Snapshot v1, https://vitest.dev/guide/snapshot.html

exports[`characterizes the complete ordered catalog metadata and Read/Write/Split availability > Read 1`] = `
[
  {
    "enabled": true,
    "id": "app.openFile",
    "keywords": [
      "document",
      "file",
    ],
    "scope": "global",
    "shortcut": "Cmd/Ctrl+O",
    "title": "Open Markdown File",
  },
  {
    "enabled": true,
    "id": "app.openRecent.0",
    "keywords": [
      "recent",
      "document",
      "file",
    ],
    "scope": "global",
    "title": "Open Recent: Recent.md",
  },
  {
    "enabled": true,
    "id": "app.openCollection",
    "keywords": [
      "chapters",
      "book",
      "multiple files",
    ],
    "scope": "global",
    "title": "Open Markdown Collection",
  },
  {
    "enabled": true,
    "id": "file.close",
    "keywords": [
      "document",
      "close",
    ],
    "scope": "global",
    "title": "Close Document",
  },
  {
    "disabledReason": undefined,
    "enabled": true,
    "id": "file.save",
    "keywords": [
      "document",
      "save",
    ],
    "scope": "global",
    "shortcut": "Cmd/Ctrl+S",
    "title": "Save",
  },
  {
    "enabled": true,
    "id": "file.downloadCopy",
    "keywords": [
      "document",
      "export",
      "download",
    ],
    "scope": "global",
    "title": "Download copy",
  },
  {
    "disabledReason": "No next heading is available.",
    "enabled": true,
    "id": "reader.nextHeading",
    "keywords": [
      "navigate",
      "forward",
      "section",
    ],
    "scope": "reader",
    "shortcut": "Alt+Down",
    "title": "Next Heading",
  },
  {
    "disabledReason": "No previous heading is available.",
    "enabled": false,
    "id": "reader.previousHeading",
    "keywords": [
      "navigate",
      "back",
      "section",
    ],
    "scope": "reader",
    "shortcut": "Alt+Up",
    "title": "Previous Heading",
  },
  {
    "disabledReason": "No next paragraph is available.",
    "enabled": true,
    "id": "reader.nextParagraph",
    "keywords": [
      "navigate",
      "forward",
      "text",
    ],
    "scope": "reader",
    "title": "Next Paragraph",
  },
  {
    "disabledReason": "No previous paragraph is available.",
    "enabled": true,
    "id": "reader.previousParagraph",
    "keywords": [
      "navigate",
      "back",
      "text",
    ],
    "scope": "reader",
    "title": "Previous Paragraph",
  },
  {
    "disabledReason": "No next link is available.",
    "enabled": true,
    "id": "reader.nextLink",
    "keywords": [
      "navigate",
      "forward",
    ],
    "scope": "reader",
    "title": "Next Link",
  },
  {
    "disabledReason": "No next image is available.",
    "enabled": true,
    "id": "reader.nextImage",
    "keywords": [
      "navigate",
      "forward",
    ],
    "scope": "reader",
    "title": "Next Image",
  },
  {
    "disabledReason": "No next table is available.",
    "enabled": true,
    "id": "reader.nextTable",
    "keywords": [
      "navigate",
      "forward",
    ],
    "scope": "reader",
    "title": "Next Table",
  },
  {
    "disabledReason": "No next code block is available.",
    "enabled": true,
    "id": "reader.nextCodeBlock",
    "keywords": [
      "navigate",
      "forward",
    ],
    "scope": "reader",
    "title": "Next Code Block",
  },
  {
    "disabledReason": "No paragraph is available to copy.",
    "enabled": true,
    "id": "reader.copyCurrentParagraph",
    "keywords": [
      "reader",
      "clipboard",
      "text",
    ],
    "scope": "reader",
    "title": "Copy Current Paragraph",
  },
  {
    "disabledReason": "No code block is available to copy.",
    "enabled": true,
    "id": "reader.copyCurrentCodeBlock",
    "keywords": [
      "reader",
      "clipboard",
      "code",
    ],
    "scope": "reader",
    "title": "Copy Current Code Block",
  },
  {
    "disabledReason": "No previous reading location is available.",
    "enabled": false,
    "id": "history.back",
    "keywords": [
      "history",
      "previous location",
    ],
    "scope": "reader",
    "title": "Go Back",
  },
  {
    "disabledReason": "No forward reading location is available.",
    "enabled": false,
    "id": "history.forward",
    "keywords": [
      "history",
      "next location",
    ],
    "scope": "reader",
    "title": "Go Forward",
  },
  {
    "disabledReason": "No next page is available.",
    "enabled": false,
    "id": "book.nextPage",
    "keywords": [
      "book",
      "forward",
      "turn",
    ],
    "scope": "book",
    "shortcut": "Right Arrow",
    "title": "Next Page",
  },
  {
    "disabledReason": "No previous page is available.",
    "enabled": false,
    "id": "book.previousPage",
    "keywords": [
      "book",
      "back",
      "turn",
    ],
    "scope": "book",
    "shortcut": "Left Arrow",
    "title": "Previous Page",
  },
  {
    "disabledReason": "No next chapter is available.",
    "enabled": false,
    "id": "book.nextChapter",
    "keywords": [
      "book",
      "collection",
      "forward",
    ],
    "scope": "book",
    "title": "Next Chapter",
  },
  {
    "disabledReason": "No previous chapter is available.",
    "enabled": false,
    "id": "book.previousChapter",
    "keywords": [
      "book",
      "collection",
      "back",
    ],
    "scope": "book",
    "title": "Previous Chapter",
  },
  {
    "disabledReason": "Enter a search query with results first.",
    "enabled": false,
    "id": "search.nextResult",
    "keywords": [
      "find",
      "forward",
      "match",
    ],
    "scope": "search",
    "title": "Next Search Result",
  },
  {
    "disabledReason": "Enter a search query with results first.",
    "enabled": false,
    "id": "search.previousResult",
    "keywords": [
      "find",
      "back",
      "match",
    ],
    "scope": "search",
    "title": "Previous Search Result",
  },
  {
    "disabledReason": "Search result navigation has not moved from a reading position.",
    "enabled": false,
    "id": "search.returnToOrigin",
    "keywords": [
      "find",
      "back",
      "reading position",
    ],
    "scope": "search",
    "title": "Return to Search Origin",
  },
  {
    "disabledReason": "Navigate to a heading before bookmarking it.",
    "enabled": true,
    "id": "bookmark.addCurrentPosition",
    "keywords": [
      "save",
      "section",
    ],
    "scope": "reader",
    "title": "Toggle Current Bookmark",
  },
  {
    "enabled": true,
    "id": "accessibility.showCurrentContext",
    "keywords": [
      "accessibility",
      "summary",
      "describe",
      "section",
    ],
    "scope": "reader",
    "title": "Show Current Section Context",
  },
  {
    "disabledReason": "Already in writing mode.",
    "enabled": true,
    "id": "editor.enterRawMode",
    "keywords": [
      "edit",
      "source",
    ],
    "scope": "global",
    "shortcut": "Cmd/Ctrl+E",
    "title": "Enter Writing Mode",
  },
  {
    "disabledReason": "Already in split preview.",
    "enabled": true,
    "id": "editor.enterSplitMode",
    "keywords": [
      "edit",
      "source",
      "rendered",
      "side by side",
    ],
    "scope": "global",
    "title": "Enter Split Preview",
  },
  {
    "disabledReason": "Already in reading mode.",
    "enabled": false,
    "id": "reader.enterRenderedMode",
    "keywords": [
      "preview",
      "rendered",
    ],
    "scope": "global",
    "shortcut": "Cmd/Ctrl+E",
    "title": "Enter Reading Mode",
  },
  {
    "enabled": true,
    "id": "accessibility.openFindings",
    "keywords": [
      "accessibility",
      "diagnostics",
      "issues",
    ],
    "scope": "editor",
    "title": "Show Authoring Checks",
  },
  {
    "enabled": true,
    "id": "diagnostics.showErrors",
    "keywords": [
      "accessibility",
      "findings",
      "filter",
    ],
    "scope": "editor",
    "title": "Show Diagnostic Errors",
  },
  {
    "enabled": true,
    "id": "diagnostics.showWarnings",
    "keywords": [
      "accessibility",
      "findings",
      "filter",
    ],
    "scope": "editor",
    "title": "Show Diagnostic Warnings",
  },
  {
    "enabled": true,
    "id": "diagnostics.showAll",
    "keywords": [
      "accessibility",
      "findings",
      "filter",
    ],
    "scope": "editor",
    "title": "Show All Diagnostics",
  },
  {
    "enabled": true,
    "id": "settings.show",
    "keywords": [
      "text",
      "size",
      "preferences",
    ],
    "scope": "global",
    "title": "Show Reading Settings",
  },
]
`;

exports[`characterizes the complete ordered catalog metadata and Read/Write/Split availability > Split 1`] = `
[
  {
    "enabled": true,
    "id": "app.openFile",
    "keywords": [
      "document",
      "file",
    ],
    "scope": "global",
    "shortcut": "Cmd/Ctrl+O",
    "title": "Open Markdown File",
  },
  {
    "enabled": true,
    "id": "app.openRecent.0",
    "keywords": [
      "recent",
      "document",
      "file",
    ],
    "scope": "global",
    "title": "Open Recent: Recent.md",
  },
  {
    "enabled": true,
    "id": "app.openCollection",
    "keywords": [
      "chapters",
      "book",
      "multiple files",
    ],
    "scope": "global",
    "title": "Open Markdown Collection",
  },
  {
    "enabled": true,
    "id": "file.close",
    "keywords": [
      "document",
      "close",
    ],
    "scope": "global",
    "title": "Close Document",
  },
  {
    "disabledReason": undefined,
    "enabled": true,
    "id": "file.save",
    "keywords": [
      "document",
      "save",
    ],
    "scope": "global",
    "shortcut": "Cmd/Ctrl+S",
    "title": "Save",
  },
  {
    "enabled": true,
    "id": "file.downloadCopy",
    "keywords": [
      "document",
      "export",
      "download",
    ],
    "scope": "global",
    "title": "Download copy",
  },
  {
    "disabledReason": "No next heading is available.",
    "enabled": false,
    "id": "reader.nextHeading",
    "keywords": [
      "navigate",
      "forward",
      "section",
    ],
    "scope": "reader",
    "shortcut": "Alt+Down",
    "title": "Next Heading",
  },
  {
    "disabledReason": "No previous heading is available.",
    "enabled": false,
    "id": "reader.previousHeading",
    "keywords": [
      "navigate",
      "back",
      "section",
    ],
    "scope": "reader",
    "shortcut": "Alt+Up",
    "title": "Previous Heading",
  },
  {
    "disabledReason": "No next paragraph is available.",
    "enabled": false,
    "id": "reader.nextParagraph",
    "keywords": [
      "navigate",
      "forward",
      "text",
    ],
    "scope": "reader",
    "title": "Next Paragraph",
  },
  {
    "disabledReason": "No previous paragraph is available.",
    "enabled": false,
    "id": "reader.previousParagraph",
    "keywords": [
      "navigate",
      "back",
      "text",
    ],
    "scope": "reader",
    "title": "Previous Paragraph",
  },
  {
    "disabledReason": "No next link is available.",
    "enabled": false,
    "id": "reader.nextLink",
    "keywords": [
      "navigate",
      "forward",
    ],
    "scope": "reader",
    "title": "Next Link",
  },
  {
    "disabledReason": "No next image is available.",
    "enabled": false,
    "id": "reader.nextImage",
    "keywords": [
      "navigate",
      "forward",
    ],
    "scope": "reader",
    "title": "Next Image",
  },
  {
    "disabledReason": "No next table is available.",
    "enabled": false,
    "id": "reader.nextTable",
    "keywords": [
      "navigate",
      "forward",
    ],
    "scope": "reader",
    "title": "Next Table",
  },
  {
    "disabledReason": "No next code block is available.",
    "enabled": false,
    "id": "reader.nextCodeBlock",
    "keywords": [
      "navigate",
      "forward",
    ],
    "scope": "reader",
    "title": "Next Code Block",
  },
  {
    "disabledReason": "No paragraph is available to copy.",
    "enabled": false,
    "id": "reader.copyCurrentParagraph",
    "keywords": [
      "reader",
      "clipboard",
      "text",
    ],
    "scope": "reader",
    "title": "Copy Current Paragraph",
  },
  {
    "disabledReason": "No code block is available to copy.",
    "enabled": false,
    "id": "reader.copyCurrentCodeBlock",
    "keywords": [
      "reader",
      "clipboard",
      "code",
    ],
    "scope": "reader",
    "title": "Copy Current Code Block",
  },
  {
    "disabledReason": "No previous reading location is available.",
    "enabled": false,
    "id": "history.back",
    "keywords": [
      "history",
      "previous location",
    ],
    "scope": "reader",
    "title": "Go Back",
  },
  {
    "disabledReason": "No forward reading location is available.",
    "enabled": false,
    "id": "history.forward",
    "keywords": [
      "history",
      "next location",
    ],
    "scope": "reader",
    "title": "Go Forward",
  },
  {
    "disabledReason": "No next page is available.",
    "enabled": false,
    "id": "book.nextPage",
    "keywords": [
      "book",
      "forward",
      "turn",
    ],
    "scope": "book",
    "shortcut": "Right Arrow",
    "title": "Next Page",
  },
  {
    "disabledReason": "No previous page is available.",
    "enabled": false,
    "id": "book.previousPage",
    "keywords": [
      "book",
      "back",
      "turn",
    ],
    "scope": "book",
    "shortcut": "Left Arrow",
    "title": "Previous Page",
  },
  {
    "disabledReason": "No next chapter is available.",
    "enabled": false,
    "id": "book.nextChapter",
    "keywords": [
      "book",
      "collection",
      "forward",
    ],
    "scope": "book",
    "title": "Next Chapter",
  },
  {
    "disabledReason": "No previous chapter is available.",
    "enabled": false,
    "id": "book.previousChapter",
    "keywords": [
      "book",
      "collection",
      "back",
    ],
    "scope": "book",
    "title": "Previous Chapter",
  },
  {
    "disabledReason": "Enter a search query with results first.",
    "enabled": false,
    "id": "search.nextResult",
    "keywords": [
      "find",
      "forward",
      "match",
    ],
    "scope": "search",
    "title": "Next Search Result",
  },
  {
    "disabledReason": "Enter a search query with results first.",
    "enabled": false,
    "id": "search.previousResult",
    "keywords": [
      "find",
      "back",
      "match",
    ],
    "scope": "search",
    "title": "Previous Search Result",
  },
  {
    "disabledReason": "Search result navigation has not moved from a reading position.",
    "enabled": false,
    "id": "search.returnToOrigin",
    "keywords": [
      "find",
      "back",
      "reading position",
    ],
    "scope": "search",
    "title": "Return to Search Origin",
  },
  {
    "disabledReason": "Navigate to a heading before bookmarking it.",
    "enabled": false,
    "id": "bookmark.addCurrentPosition",
    "keywords": [
      "save",
      "section",
    ],
    "scope": "reader",
    "title": "Toggle Current Bookmark",
  },
  {
    "enabled": false,
    "id": "accessibility.showCurrentContext",
    "keywords": [
      "accessibility",
      "summary",
      "describe",
      "section",
    ],
    "scope": "reader",
    "title": "Show Current Section Context",
  },
  {
    "disabledReason": "Already in writing mode.",
    "enabled": true,
    "id": "editor.enterRawMode",
    "keywords": [
      "edit",
      "source",
    ],
    "scope": "global",
    "shortcut": "Cmd/Ctrl+E",
    "title": "Enter Writing Mode",
  },
  {
    "disabledReason": "Already in split preview.",
    "enabled": false,
    "id": "editor.enterSplitMode",
    "keywords": [
      "edit",
      "source",
      "rendered",
      "side by side",
    ],
    "scope": "global",
    "title": "Enter Split Preview",
  },
  {
    "disabledReason": "Already in reading mode.",
    "enabled": true,
    "id": "reader.enterRenderedMode",
    "keywords": [
      "preview",
      "rendered",
    ],
    "scope": "global",
    "shortcut": "Cmd/Ctrl+E",
    "title": "Enter Reading Mode",
  },
  {
    "enabled": true,
    "id": "accessibility.openFindings",
    "keywords": [
      "accessibility",
      "diagnostics",
      "issues",
    ],
    "scope": "editor",
    "title": "Show Authoring Checks",
  },
  {
    "enabled": true,
    "id": "diagnostics.showErrors",
    "keywords": [
      "accessibility",
      "findings",
      "filter",
    ],
    "scope": "editor",
    "title": "Show Diagnostic Errors",
  },
  {
    "enabled": true,
    "id": "diagnostics.showWarnings",
    "keywords": [
      "accessibility",
      "findings",
      "filter",
    ],
    "scope": "editor",
    "title": "Show Diagnostic Warnings",
  },
  {
    "enabled": true,
    "id": "diagnostics.showAll",
    "keywords": [
      "accessibility",
      "findings",
      "filter",
    ],
    "scope": "editor",
    "title": "Show All Diagnostics",
  },
  {
    "enabled": true,
    "id": "settings.show",
    "keywords": [
      "text",
      "size",
      "preferences",
    ],
    "scope": "global",
    "title": "Show Reading Settings",
  },
]
`;

exports[`characterizes the complete ordered catalog metadata and Read/Write/Split availability > Write 1`] = `
[
  {
    "enabled": true,
    "id": "app.openFile",
    "keywords": [
      "document",
      "file",
    ],
    "scope": "global",
    "shortcut": "Cmd/Ctrl+O",
    "title": "Open Markdown File",
  },
  {
    "enabled": true,
    "id": "app.openRecent.0",
    "keywords": [
      "recent",
      "document",
      "file",
    ],
    "scope": "global",
    "title": "Open Recent: Recent.md",
  },
  {
    "enabled": true,
    "id": "app.openCollection",
    "keywords": [
      "chapters",
      "book",
      "multiple files",
    ],
    "scope": "global",
    "title": "Open Markdown Collection",
  },
  {
    "enabled": true,
    "id": "file.close",
    "keywords": [
      "document",
      "close",
    ],
    "scope": "global",
    "title": "Close Document",
  },
  {
    "disabledReason": undefined,
    "enabled": true,
    "id": "file.save",
    "keywords": [
      "document",
      "save",
    ],
    "scope": "global",
    "shortcut": "Cmd/Ctrl+S",
    "title": "Save",
  },
  {
    "enabled": true,
    "id": "file.downloadCopy",
    "keywords": [
      "document",
      "export",
      "download",
    ],
    "scope": "global",
    "title": "Download copy",
  },
  {
    "disabledReason": "No next heading is available.",
    "enabled": false,
    "id": "reader.nextHeading",
    "keywords": [
      "navigate",
      "forward",
      "section",
    ],
    "scope": "reader",
    "shortcut": "Alt+Down",
    "title": "Next Heading",
  },
  {
    "disabledReason": "No previous heading is available.",
    "enabled": false,
    "id": "reader.previousHeading",
    "keywords": [
      "navigate",
      "back",
      "section",
    ],
    "scope": "reader",
    "shortcut": "Alt+Up",
    "title": "Previous Heading",
  },
  {
    "disabledReason": "No next paragraph is available.",
    "enabled": false,
    "id": "reader.nextParagraph",
    "keywords": [
      "navigate",
      "forward",
      "text",
    ],
    "scope": "reader",
    "title": "Next Paragraph",
  },
  {
    "disabledReason": "No previous paragraph is available.",
    "enabled": false,
    "id": "reader.previousParagraph",
    "keywords": [
      "navigate",
      "back",
      "text",
    ],
    "scope": "reader",
    "title": "Previous Paragraph",
  },
  {
    "disabledReason": "No next link is available.",
    "enabled": false,
    "id": "reader.nextLink",
    "keywords": [
      "navigate",
      "forward",
    ],
    "scope": "reader",
    "title": "Next Link",
  },
  {
    "disabledReason": "No next image is available.",
    "enabled": false,
    "id": "reader.nextImage",
    "keywords": [
      "navigate",
      "forward",
    ],
    "scope": "reader",
    "title": "Next Image",
  },
  {
    "disabledReason": "No next table is available.",
    "enabled": false,
    "id": "reader.nextTable",
    "keywords": [
      "navigate",
      "forward",
    ],
    "scope": "reader",
    "title": "Next Table",
  },
  {
    "disabledReason": "No next code block is available.",
    "enabled": false,
    "id": "reader.nextCodeBlock",
    "keywords": [
      "navigate",
      "forward",
    ],
    "scope": "reader",
    "title": "Next Code Block",
  },
  {
    "disabledReason": "No paragraph is available to copy.",
    "enabled": false,
    "id": "reader.copyCurrentParagraph",
    "keywords": [
      "reader",
      "clipboard",
      "text",
    ],
    "scope": "reader",
    "title": "Copy Current Paragraph",
  },
  {
    "disabledReason": "No code block is available to copy.",
    "enabled": false,
    "id": "reader.copyCurrentCodeBlock",
    "keywords": [
      "reader",
      "clipboard",
      "code",
    ],
    "scope": "reader",
    "title": "Copy Current Code Block",
  },
  {
    "disabledReason": "No previous reading location is available.",
    "enabled": false,
    "id": "history.back",
    "keywords": [
      "history",
      "previous location",
    ],
    "scope": "reader",
    "title": "Go Back",
  },
  {
    "disabledReason": "No forward reading location is available.",
    "enabled": false,
    "id": "history.forward",
    "keywords": [
      "history",
      "next location",
    ],
    "scope": "reader",
    "title": "Go Forward",
  },
  {
    "disabledReason": "No next page is available.",
    "enabled": false,
    "id": "book.nextPage",
    "keywords": [
      "book",
      "forward",
      "turn",
    ],
    "scope": "book",
    "shortcut": "Right Arrow",
    "title": "Next Page",
  },
  {
    "disabledReason": "No previous page is available.",
    "enabled": false,
    "id": "book.previousPage",
    "keywords": [
      "book",
      "back",
      "turn",
    ],
    "scope": "book",
    "shortcut": "Left Arrow",
    "title": "Previous Page",
  },
  {
    "disabledReason": "No next chapter is available.",
    "enabled": false,
    "id": "book.nextChapter",
    "keywords": [
      "book",
      "collection",
      "forward",
    ],
    "scope": "book",
    "title": "Next Chapter",
  },
  {
    "disabledReason": "No previous chapter is available.",
    "enabled": false,
    "id": "book.previousChapter",
    "keywords": [
      "book",
      "collection",
      "back",
    ],
    "scope": "book",
    "title": "Previous Chapter",
  },
  {
    "disabledReason": "Enter a search query with results first.",
    "enabled": false,
    "id": "search.nextResult",
    "keywords": [
      "find",
      "forward",
      "match",
    ],
    "scope": "search",
    "title": "Next Search Result",
  },
  {
    "disabledReason": "Enter a search query with results first.",
    "enabled": false,
    "id": "search.previousResult",
    "keywords": [
      "find",
      "back",
      "match",
    ],
    "scope": "search",
    "title": "Previous Search Result",
  },
  {
    "disabledReason": "Search result navigation has not moved from a reading position.",
    "enabled": false,
    "id": "search.returnToOrigin",
    "keywords": [
      "find",
      "back",
      "reading position",
    ],
    "scope": "search",
    "title": "Return to Search Origin",
  },
  {
    "disabledReason": "Navigate to a heading before bookmarking it.",
    "enabled": false,
    "id": "bookmark.addCurrentPosition",
    "keywords": [
      "save",
      "section",
    ],
    "scope": "reader",
    "title": "Toggle Current Bookmark",
  },
  {
    "enabled": false,
    "id": "accessibility.showCurrentContext",
    "keywords": [
      "accessibility",
      "summary",
      "describe",
      "section",
    ],
    "scope": "reader",
    "title": "Show Current Section Context",
  },
  {
    "disabledReason": "Already in writing mode.",
    "enabled": false,
    "id": "editor.enterRawMode",
    "keywords": [
      "edit",
      "source",
    ],
    "scope": "global",
    "shortcut": "Cmd/Ctrl+E",
    "title": "Enter Writing Mode",
  },
  {
    "disabledReason": "Already in split preview.",
    "enabled": true,
    "id": "editor.enterSplitMode",
    "keywords": [
      "edit",
      "source",
      "rendered",
      "side by side",
    ],
    "scope": "global",
    "title": "Enter Split Preview",
  },
  {
    "disabledReason": "Already in reading mode.",
    "enabled": true,
    "id": "reader.enterRenderedMode",
    "keywords": [
      "preview",
      "rendered",
    ],
    "scope": "global",
    "shortcut": "Cmd/Ctrl+E",
    "title": "Enter Reading Mode",
  },
  {
    "enabled": true,
    "id": "accessibility.openFindings",
    "keywords": [
      "accessibility",
      "diagnostics",
      "issues",
    ],
    "scope": "editor",
    "title": "Show Authoring Checks",
  },
  {
    "enabled": true,
    "id": "diagnostics.showErrors",
    "keywords": [
      "accessibility",
      "findings",
      "filter",
    ],
    "scope": "editor",
    "title": "Show Diagnostic Errors",
  },
  {
    "enabled": true,
    "id": "diagnostics.showWarnings",
    "keywords": [
      "accessibility",
      "findings",
      "filter",
    ],
    "scope": "editor",
    "title": "Show Diagnostic Warnings",
  },
  {
    "enabled": true,
    "id": "diagnostics.showAll",
    "keywords": [
      "accessibility",
      "findings",
      "filter",
    ],
    "scope": "editor",
    "title": "Show All Diagnostics",
  },
  {
    "enabled": true,
    "id": "settings.show",
    "keywords": [
      "text",
      "size",
      "preferences",
    ],
    "scope": "global",
    "title": "Show Reading Settings",
  },
]
`;
